  CubeMap.hpp
C:\Program Files (x86)\Windows Kits\10\Include\10.0.19041.0\shared\minwindef.h(130,1): warning C4005: 'APIENTRY': macro redefinition
C:\Users\myri4\Downloads\Elementalworld\vendor\Include\glad\glad.h(27): message : see previous definition of 'APIENTRY'
  AssimpGLMHelpers.hpp
  main.cpp
C:\Program Files (x86)\Windows Kits\10\Include\10.0.19041.0\shared\minwindef.h(130,1): warning C4005: 'APIENTRY': macro redefinition
C:\Users\myri4\Downloads\Elementalworld\vendor\Include\glad\glad.h(27): message : see previous definition of 'APIENTRY'
C:\Users\myri4\Downloads\Elementalworld\src\world\Block.hpp(28,12): warning C4244: 'initializing': conversion from 'T' to 'int32_t', possible loss of data
          with
          [
              T=float
          ]
C:\Users\myri4\Downloads\Elementalworld\src\world\Block.hpp(29,12): warning C4244: 'initializing': conversion from 'T' to 'int32_t', possible loss of data
          with
          [
              T=float
          ]
C:\Users\myri4\Downloads\Elementalworld\src\world\Block.hpp(30,12): warning C4244: 'initializing': conversion from 'T' to 'int32_t', possible loss of data
          with
          [
              T=float
          ]
C:\Users\myri4\Downloads\Elementalworld\src\world\Block.hpp(31,12): warning C4244: 'initializing': conversion from 'T' to 'int32_t', possible loss of data
          with
          [
              T=float
          ]
C:\Users\myri4\Downloads\Elementalworld\src\world\World.hpp(589,41): warning C4244: 'argument': conversion from 'T' to 'const float', possible loss of data
          with
          [
              T=int
          ]
C:\Users\myri4\Downloads\Elementalworld\src\world\World.hpp(1227,18): warning C4244: 'initializing': conversion from 'uint32_t' to 'float', possible loss of data
C:\Users\myri4\Downloads\Elementalworld\src\world\World.hpp(1227,26): warning C4244: 'initializing': conversion from 'uint32_t' to 'float', possible loss of data
  glad.c
  Generating code
  Previous IPDB not found, fall back to full compilation.
  All 7784 functions were compiled because no usable IPDB/IOBJ from previous compilation was found.
  Finished generating code
  Elementalworld.vcxproj -> C:\Users\myri4\Downloads\Elementalworld\bin\Release\Elementalworld\Elementalworld.exe
