C:\Program Files\Microsoft Visual Studio\2022\Professional\MSBuild\Microsoft\VC\v170\Microsoft.CppBuild.targets(510,5): warning MSB8028: The intermediate directory (G:\Console app\RTX Project\bin\intermediates\Release\) contains files shared from another project (Elementalworld.vcxproj).  This can lead to incorrect clean and rebuild behavior.
  main.cpp
C:\Program Files (x86)\Windows Kits\10\Include\10.0.19041.0\shared\minwindef.h(130,1): warning C4005: 'APIENTRY': macro redefinition
G:\Console app\RTX Project\vendor\Include\glad\glad.h(27): message : see previous definition of 'APIENTRY'
G:\Console app\RTX Project\src\Application.hpp(201,14): warning C4244: 'initializing': conversion from 'T' to 'int32_t', possible loss of data
          with
          [
              T=float
          ]
G:\Console app\RTX Project\src\Application.hpp(202,14): warning C4244: 'initializing': conversion from 'T' to 'int32_t', possible loss of data
          with
          [
              T=float
          ]
G:\Console app\RTX Project\src\Application.hpp(203,14): warning C4244: 'initializing': conversion from 'T' to 'int32_t', possible loss of data
          with
          [
              T=float
          ]
G:\Console app\RTX Project\src\Application.hpp(204,14): warning C4244: 'initializing': conversion from 'T' to 'int32_t', possible loss of data
          with
          [
              T=float
          ]
  Generating code
  3 of 4642 functions (<0.1%) were compiled, the rest were copied from previous compilation.
    1 functions were new in current compilation
    9 functions had inline decision re-evaluated but remain unchanged
  Finished generating code
  RTX.vcxproj -> G:\Console app\RTX Project\bin\Release\RTX\RTX.exe
